Archive member included to satisfy reference by file (symbol)

/home/elisa/.eclipse/360744286_linux_gtk_x86_64/plugins/fr.ac6.mcu.externaltools.arm-none.linux64_1.17.0.201812190825/tools/compiler/bin/../lib/gcc/arm-none-eabi/7.3.1/thumb/v7e-m/fpv4-sp/hard/libgcc.a(_aeabi_uldivmod.o)
                              Drivers/STM32F4xx_HAL_Driver/Src/stm32f4xx_hal_rcc.o (__aeabi_uldivmod)
/home/elisa/.eclipse/360744286_linux_gtk_x86_64/plugins/fr.ac6.mcu.externaltools.arm-none.linux64_1.17.0.201812190825/tools/compiler/bin/../lib/gcc/arm-none-eabi/7.3.1/thumb/v7e-m/fpv4-sp/hard/libgcc.a(_udivmoddi4.o)
                              /home/elisa/.eclipse/360744286_linux_gtk_x86_64/plugins/fr.ac6.mcu.externaltools.arm-none.linux64_1.17.0.201812190825/tools/compiler/bin/../lib/gcc/arm-none-eabi/7.3.1/thumb/v7e-m/fpv4-sp/hard/libgcc.a(_aeabi_uldivmod.o) (__udivmoddi4)
/home/elisa/.eclipse/360744286_linux_gtk_x86_64/plugins/fr.ac6.mcu.externaltools.arm-none.linux64_1.17.0.201812190825/tools/compiler/bin/../lib/gcc/arm-none-eabi/7.3.1/thumb/v7e-m/fpv4-sp/hard/libgcc.a(_dvmd_tls.o)
                              /home/elisa/.eclipse/360744286_linux_gtk_x86_64/plugins/fr.ac6.mcu.externaltools.arm-none.linux64_1.17.0.201812190825/tools/compiler/bin/../lib/gcc/arm-none-eabi/7.3.1/thumb/v7e-m/fpv4-sp/hard/libgcc.a(_aeabi_uldivmod.o) (__aeabi_ldiv0)
/home/elisa/.eclipse/360744286_linux_gtk_x86_64/plugins/fr.ac6.mcu.externaltools.arm-none.linux64_1.17.0.201812190825/tools/compiler/bin/../lib/gcc/arm-none-eabi/7.3.1/../../../../arm-none-eabi/lib/thumb/v7e-m/fpv4-sp/hard/libc_nano.a(lib_a-errno.o)
                              Src/syscalls.o (__errno)
/home/elisa/.eclipse/360744286_linux_gtk_x86_64/plugins/fr.ac6.mcu.externaltools.arm-none.linux64_1.17.0.201812190825/tools/compiler/bin/../lib/gcc/arm-none-eabi/7.3.1/../../../../arm-none-eabi/lib/thumb/v7e-m/fpv4-sp/hard/libc_nano.a(lib_a-exit.o)
                              /home/elisa/.eclipse/360744286_linux_gtk_x86_64/plugins/fr.ac6.mcu.externaltools.arm-none.linux64_1.17.0.201812190825/tools/compiler/bin/../lib/gcc/arm-none-eabi/7.3.1/../../../../arm-none-eabi/lib/thumb/v7e-m/fpv4-sp/hard/crt0.o (exit)
/home/elisa/.eclipse/360744286_linux_gtk_x86_64/plugins/fr.ac6.mcu.externaltools.arm-none.linux64_1.17.0.201812190825/tools/compiler/bin/../lib/gcc/arm-none-eabi/7.3.1/../../../../arm-none-eabi/lib/thumb/v7e-m/fpv4-sp/hard/libc_nano.a(lib_a-impure.o)
                              /home/elisa/.eclipse/360744286_linux_gtk_x86_64/plugins/fr.ac6.mcu.externaltools.arm-none.linux64_1.17.0.201812190825/tools/compiler/bin/../lib/gcc/arm-none-eabi/7.3.1/../../../../arm-none-eabi/lib/thumb/v7e-m/fpv4-sp/hard/libc_nano.a(lib_a-exit.o) (_global_impure_ptr)
/home/elisa/.eclipse/360744286_linux_gtk_x86_64/plugins/fr.ac6.mcu.externaltools.arm-none.linux64_1.17.0.201812190825/tools/compiler/bin/../lib/gcc/arm-none-eabi/7.3.1/../../../../arm-none-eabi/lib/thumb/v7e-m/fpv4-sp/hard/libc_nano.a(lib_a-init.o)
                              /home/elisa/.eclipse/360744286_linux_gtk_x86_64/plugins/fr.ac6.mcu.externaltools.arm-none.linux64_1.17.0.201812190825/tools/compiler/bin/../lib/gcc/arm-none-eabi/7.3.1/../../../../arm-none-eabi/lib/thumb/v7e-m/fpv4-sp/hard/crt0.o (__libc_init_array)
/home/elisa/.eclipse/360744286_linux_gtk_x86_64/plugins/fr.ac6.mcu.externaltools.arm-none.linux64_1.17.0.201812190825/tools/compiler/bin/../lib/gcc/arm-none-eabi/7.3.1/../../../../arm-none-eabi/lib/thumb/v7e-m/fpv4-sp/hard/libc_nano.a(lib_a-memset.o)
                              /home/elisa/.eclipse/360744286_linux_gtk_x86_64/plugins/fr.ac6.mcu.externaltools.arm-none.linux64_1.17.0.201812190825/tools/compiler/bin/../lib/gcc/arm-none-eabi/7.3.1/../../../../arm-none-eabi/lib/thumb/v7e-m/fpv4-sp/hard/crt0.o (memset)

Allocating common symbols
Common symbol       size              file

uwTick              0x4               Drivers/STM32F4xx_HAL_Driver/Src/stm32f4xx_hal.o
pFlash              0x20              Drivers/STM32F4xx_HAL_Driver/Src/stm32f4xx_hal_flash.o

Discarded input sections

 .text          0x0000000000000000        0x0 /home/elisa/.eclipse/360744286_linux_gtk_x86_64/plugins/fr.ac6.mcu.externaltools.arm-none.linux64_1.17.0.201812190825/tools/compiler/bin/../lib/gcc/arm-none-eabi/7.3.1/thumb/v7e-m/fpv4-sp/hard/crti.o
 .data          0x0000000000000000        0x0 /home/elisa/.eclipse/360744286_linux_gtk_x86_64/plugins/fr.ac6.mcu.externaltools.arm-none.linux64_1.17.0.201812190825/tools/compiler/bin/../lib/gcc/arm-none-eabi/7.3.1/thumb/v7e-m/fpv4-sp/hard/crti.o
 .bss           0x0000000000000000        0x0 /home/elisa/.eclipse/360744286_linux_gtk_x86_64/plugins/fr.ac6.mcu.externaltools.arm-none.linux64_1.17.0.201812190825/tools/compiler/bin/../lib/gcc/arm-none-eabi/7.3.1/thumb/v7e-m/fpv4-sp/hard/crti.o
[...]
Memory Configuration

Name             Origin             Length             Attributes
RAM              0x0000000020000000 0x0000000000018000 xrw
FLASH            0x0000000008000000 0x0000000000080000 xr
*default*        0x0000000000000000 0xffffffffffffffff

Linker script and memory map

LOAD /home/elisa/.eclipse/360744286_linux_gtk_x86_64/plugins/fr.ac6.mcu.externaltools.arm-none.linux64_1.17.0.201812190825/tools/compiler/bin/../lib/gcc/arm-none-eabi/7.3.1/thumb/v7e-m/fpv4-sp/hard/crti.o
LOAD /home/elisa/.eclipse/360744286_linux_gtk_x86_64/plugins/fr.ac6.mcu.externaltools.arm-none.linux64_1.17.0.201812190825/tools/compiler/bin/../lib/gcc/arm-none-eabi/7.3.1/thumb/v7e-m/fpv4-sp/hard/crtbegin.o
LOAD /home/elisa/.eclipse/360744286_linux_gtk_x86_64/plugins/fr.ac6.mcu.externaltools.arm-none.linux64_1.17.0.201812190825/tools/compiler/bin/../lib/gcc/arm-none-eabi/7.3.1/../../../../arm-none-eabi/lib/thumb/v7e-m/fpv4-sp/hard/crt0.o
LOAD Drivers/STM32F4xx_HAL_Driver/Src/stm32f4xx_hal.o
LOAD Drivers/STM32F4xx_HAL_Driver/Src/stm32f4xx_hal_cortex.o
LOAD Drivers/STM32F4xx_HAL_Driver/Src/stm32f4xx_hal_dma.o
LOAD Drivers/STM32F4xx_HAL_Driver/Src/stm32f4xx_hal_dma_ex.o
LOAD Drivers/STM32F4xx_HAL_Driver/Src/stm32f4xx_hal_exti.o
LOAD Drivers/STM32F4xx_HAL_Driver/Src/stm32f4xx_hal_flash.o
LOAD Drivers/STM32F4xx_HAL_Driver/Src/stm32f4xx_hal_flash_ex.o
LOAD Drivers/STM32F4xx_HAL_Driver/Src/stm32f4xx_hal_flash_ramfunc.o
LOAD Drivers/STM32F4xx_HAL_Driver/Src/stm32f4xx_hal_gpio.o
LOAD Drivers/STM32F4xx_HAL_Driver/Src/stm32f4xx_hal_pwr.o
LOAD Drivers/STM32F4xx_HAL_Driver/Src/stm32f4xx_hal_pwr_ex.o
LOAD Drivers/STM32F4xx_HAL_Driver/Src/stm32f4xx_hal_rcc.o
LOAD Drivers/STM32F4xx_HAL_Driver/Src/stm32f4xx_hal_rcc_ex.o
LOAD Drivers/STM32F4xx_HAL_Driver/Src/stm32f4xx_hal_tim.o
LOAD Drivers/STM32F4xx_HAL_Driver/Src/stm32f4xx_hal_tim_ex.o
LOAD Src/main.o
LOAD Src/stm32f4xx_hal_msp.o
LOAD Src/stm32f4xx_it.o
LOAD Src/syscalls.o
LOAD Src/system_stm32f4xx.o
LOAD startup/startup_stm32f401xe.o
LOAD /home/elisa/.eclipse/360744286_linux_gtk_x86_64/plugins/fr.ac6.mcu.externaltools.arm-none.linux64_1.17.0.201812190825/tools/compiler/bin/../lib/gcc/arm-none-eabi/7.3.1/../../../../arm-none-eabi/lib/thumb/v7e-m/fpv4-sp/hard/libm.a
START GROUP
LOAD /home/elisa/.eclipse/360744286_linux_gtk_x86_64/plugins/fr.ac6.mcu.externaltools.arm-none.linux64_1.17.0.201812190825/tools/compiler/bin/../lib/gcc/arm-none-eabi/7.3.1/thumb/v7e-m/fpv4-sp/hard/libgcc.a
LOAD /home/elisa/.eclipse/360744286_linux_gtk_x86_64/plugins/fr.ac6.mcu.externaltools.arm-none.linux64_1.17.0.201812190825/tools/compiler/bin/../lib/gcc/arm-none-eabi/7.3.1/../../../../arm-none-eabi/lib/thumb/v7e-m/fpv4-sp/hard/libc_nano.a
END GROUP
START GROUP
LOAD /home/elisa/.eclipse/360744286_linux_gtk_x86_64/plugins/fr.ac6.mcu.externaltools.arm-none.linux64_1.17.0.201812190825/tools/compiler/bin/../lib/gcc/arm-none-eabi/7.3.1/thumb/v7e-m/fpv4-sp/hard/libgcc.a
LOAD /home/elisa/.eclipse/360744286_linux_gtk_x86_64/plugins/fr.ac6.mcu.externaltools.arm-none.linux64_1.17.0.201812190825/tools/compiler/bin/../lib/gcc/arm-none-eabi/7.3.1/../../../../arm-none-eabi/lib/thumb/v7e-m/fpv4-sp/hard/libc_nano.a
LOAD /home/elisa/.eclipse/360744286_linux_gtk_x86_64/plugins/fr.ac6.mcu.externaltools.arm-none.linux64_1.17.0.201812190825/tools/compiler/bin/../lib/gcc/arm-none-eabi/7.3.1/../../../../arm-none-eabi/lib/thumb/v7e-m/fpv4-sp/hard/libnosys.a
END GROUP
START GROUP
LOAD /home/elisa/.eclipse/360744286_linux_gtk_x86_64/plugins/fr.ac6.mcu.externaltools.arm-none.linux64_1.17.0.201812190825/tools/compiler/bin/../lib/gcc/arm-none-eabi/7.3.1/thumb/v7e-m/fpv4-sp/hard/libgcc.a
LOAD /home/elisa/.eclipse/360744286_linux_gtk_x86_64/plugins/fr.ac6.mcu.externaltools.arm-none.linux64_1.17.0.201812190825/tools/compiler/bin/../lib/gcc/arm-none-eabi/7.3.1/../../../../arm-none-eabi/lib/thumb/v7e-m/fpv4-sp/hard/libc_nano.a
LOAD /home/elisa/.eclipse/360744286_linux_gtk_x86_64/plugins/fr.ac6.mcu.externaltools.arm-none.linux64_1.17.0.201812190825/tools/compiler/bin/../lib/gcc/arm-none-eabi/7.3.1/../../../../arm-none-eabi/lib/thumb/v7e-m/fpv4-sp/hard/libnosys.a
END GROUP
LOAD /home/elisa/.eclipse/360744286_linux_gtk_x86_64/plugins/fr.ac6.mcu.externaltools.arm-none.linux64_1.17.0.201812190825/tools/compiler/bin/../lib/gcc/arm-none-eabi/7.3.1/thumb/v7e-m/fpv4-sp/hard/crtend.o
LOAD /home/elisa/.eclipse/360744286_linux_gtk_x86_64/plugins/fr.ac6.mcu.externaltools.arm-none.linux64_1.17.0.201812190825/tools/compiler/bin/../lib/gcc/arm-none-eabi/7.3.1/thumb/v7e-m/fpv4-sp/hard/crtn.o
                0x0000000020018000                _estack = 0x20018000
                0x0000000000000200                _Min_Heap_Size = 0x200
                0x0000000000000400                _Min_Stack_Size = 0x400

.isr_vector     0x0000000008000000      0x194
                0x0000000008000000                . = ALIGN (0x4)
 *(.isr_vector)
 .isr_vector    0x0000000008000000      0x194 startup/startup_stm32f401xe.o
                0x0000000008000000                g_pfnVectors
                0x0000000008000194                . = ALIGN (0x4)

.text           0x0000000008000194      0xff4
                0x0000000008000194                . = ALIGN (0x4)
 *(.text)
 .text          0x0000000008000194       0x40 /home/elisa/.eclipse/360744286_linux_gtk_x86_64/plugins/fr.ac6.mcu.externaltools.arm-none.linux64_1.17.0.201812190825/tools/compiler/bin/../lib/gcc/arm-none-eabi/7.3.1/thumb/v7e-m/fpv4-sp/hard/crtbegin.o
 .text          0x00000000080001d4       0x30 /home/elisa/.eclipse/360744286_linux_gtk_x86_64/plugins/fr.ac6.mcu.externaltools.arm-none.linux64_1.17.0.201812190825/tools/compiler/bin/../lib/gcc/arm-none-eabi/7.3.1/thumb/v7e-m/fpv4-sp/hard/libgcc.a(_aeabi_uldivmod.o)
                0x00000000080001d4                __aeabi_uldivmod
 .text          0x0000000008000204      0x2cc /home/elisa/.eclipse/360744286_linux_gtk_x86_64/plugins/fr.ac6.mcu.externaltools.arm-none.linux64_1.17.0.201812190825/tools/compiler/bin/../lib/gcc/arm-none-eabi/7.3.1/thumb/v7e-m/fpv4-sp/hard/libgcc.a(_udivmoddi4.o)
                0x0000000008000204                __udivmoddi4
 .text          0x00000000080004d0        0x4 /home/elisa/.eclipse/360744286_linux_gtk_x86_64/plugins/fr.ac6.mcu.externaltools.arm-none.linux64_1.17.0.201812190825/tools/compiler/bin/../lib/gcc/arm-none-eabi/7.3.1/thumb/v7e-m/fpv4-sp/hard/libgcc.a(_dvmd_tls.o)
                0x00000000080004d0                __aeabi_ldiv0
                0x00000000080004d0                __aeabi_idiv0
 *(.text*)
 .text.HAL_InitTick
                0x00000000080004d4       0x48 Drivers/STM32F4xx_HAL_Driver/Src/stm32f4xx_hal.o
                0x00000000080004d4                HAL_InitTick
 .text.HAL_Init
                0x000000000800051c       0x34 Drivers/STM32F4xx_HAL_Driver/Src/stm32f4xx_hal.o
                0x000000000800051c                HAL_Init
 .text.HAL_IncTick
                0x0000000008000550       0x18 Drivers/STM32F4xx_HAL_Driver/Src/stm32f4xx_hal.o
                0x0000000008000550                HAL_IncTick
 .text.HAL_GetTick
                0x0000000008000568        0xc Drivers/STM32F4xx_HAL_Driver/Src/stm32f4xx_hal.o
                0x0000000008000568                HAL_GetTick
 .text.HAL_NVIC_SetPriorityGrouping
                0x0000000008000574       0x24 Drivers/STM32F4xx_HAL_Driver/Src/stm32f4xx_hal_cortex.o
                0x0000000008000574                HAL_NVIC_SetPriorityGrouping
 .text.HAL_NVIC_SetPriority
                0x0000000008000598       0x68 Drivers/STM32F4xx_HAL_Driver/Src/stm32f4xx_hal_cortex.o
                0x0000000008000598                HAL_NVIC_SetPriority
 .text.HAL_NVIC_EnableIRQ
                0x0000000008000600       0x1c Drivers/STM32F4xx_HAL_Driver/Src/stm32f4xx_hal_cortex.o
                0x0000000008000600                HAL_NVIC_EnableIRQ
 .text.HAL_SYSTICK_Config
                0x000000000800061c       0x2c Drivers/STM32F4xx_HAL_Driver/Src/stm32f4xx_hal_cortex.o
                0x000000000800061c                HAL_SYSTICK_Config
 .text.HAL_GPIO_Init
                0x0000000008000648      0x1a4 Drivers/STM32F4xx_HAL_Driver/Src/stm32f4xx_hal_gpio.o
                0x0000000008000648                HAL_GPIO_Init
 .text.HAL_GPIO_WritePin
                0x00000000080007ec        0xc Drivers/STM32F4xx_HAL_Driver/Src/stm32f4xx_hal_gpio.o
                0x00000000080007ec                HAL_GPIO_WritePin
 .text.HAL_GPIO_TogglePin
                0x00000000080007f8       0x12 Drivers/STM32F4xx_HAL_Driver/Src/stm32f4xx_hal_gpio.o
                0x00000000080007f8                HAL_GPIO_TogglePin
 *fill*         0x000000000800080a        0x2 
 .text.HAL_GPIO_EXTI_IRQHandler
                0x000000000800080c       0x1c Drivers/STM32F4xx_HAL_Driver/Src/stm32f4xx_hal_gpio.o
                0x000000000800080c                HAL_GPIO_EXTI_IRQHandler
 .text.HAL_RCC_OscConfig
                0x0000000008000828      0x3ec Drivers/STM32F4xx_HAL_Driver/Src/stm32f4xx_hal_rcc.o
                0x0000000008000828                HAL_RCC_OscConfig
 .text.HAL_RCC_GetSysClockFreq
                0x0000000008000c14       0xd8 Drivers/STM32F4xx_HAL_Driver/Src/stm32f4xx_hal_rcc.o
                0x0000000008000c14                HAL_RCC_GetSysClockFreq
 .text.HAL_RCC_ClockConfig
                0x0000000008000cec      0x160 Drivers/STM32F4xx_HAL_Driver/Src/stm32f4xx_hal_rcc.o
                0x0000000008000cec                HAL_RCC_ClockConfig
 .text.MX_GPIO_Init
                0x0000000008000e4c       0xf4 Src/main.o
 .text.SystemClock_Config
                0x0000000008000f40       0x94 Src/main.o
                0x0000000008000f40                SystemClock_Config
 .text.main     0x0000000008000fd4       0x10 Src/main.o
                0x0000000008000fd4                main
 .text.HAL_GPIO_EXTI_Callback
                0x0000000008000fe4       0x5c Src/main.o
                0x0000000008000fe4                HAL_GPIO_EXTI_Callback
 .text.HAL_MspInit
                0x0000000008001040       0x38 Src/stm32f4xx_hal_msp.o
                0x0000000008001040                HAL_MspInit
 .text.NMI_Handler
                0x0000000008001078        0x2 Src/stm32f4xx_it.o
                0x0000000008001078                NMI_Handler
 .text.HardFault_Handler
                0x000000000800107a        0x2 Src/stm32f4xx_it.o
                0x000000000800107a                HardFault_Handler
 .text.MemManage_Handler
                0x000000000800107c        0x2 Src/stm32f4xx_it.o
                0x000000000800107c                MemManage_Handler
 .text.BusFault_Handler
                0x000000000800107e        0x2 Src/stm32f4xx_it.o
                0x000000000800107e                BusFault_Handler
 .text.UsageFault_Handler
                0x0000000008001080        0x2 Src/stm32f4xx_it.o
                0x0000000008001080                UsageFault_Handler
 .text.SVC_Handler
                0x0000000008001082        0x2 Src/stm32f4xx_it.o
                0x0000000008001082                SVC_Handler
 .text.DebugMon_Handler
                0x0000000008001084        0x2 Src/stm32f4xx_it.o
                0x0000000008001084                DebugMon_Handler
 .text.PendSV_Handler
                0x0000000008001086        0x2 Src/stm32f4xx_it.o
                0x0000000008001086                PendSV_Handler
 .text.SysTick_Handler
                0x0000000008001088        0x8 Src/stm32f4xx_it.o
                0x0000000008001088                SysTick_Handler
 .text.EXTI9_5_IRQHandler
                0x0000000008001090        0xc Src/stm32f4xx_it.o
                0x0000000008001090                EXTI9_5_IRQHandler
 .text.EXTI15_10_IRQHandler
                0x000000000800109c        0xc Src/stm32f4xx_it.o
                0x000000000800109c                EXTI15_10_IRQHandler
 .text.SystemInit
                0x00000000080010a8       0x1c Src/system_stm32f4xx.o
                0x00000000080010a8                SystemInit
 .text.Reset_Handler
                0x00000000080010c4       0x50 startup/startup_stm32f401xe.o
                0x00000000080010c4                Reset_Handler
 .text.Default_Handler
                0x0000000008001114        0x2 startup/startup_stm32f401xe.o
                0x0000000008001114                RTC_Alarm_IRQHandler
                0x0000000008001114                EXTI2_IRQHandler
                0x0000000008001114                SPI4_IRQHandler
                0x0000000008001114                TIM1_CC_IRQHandler
                0x0000000008001114                DMA2_Stream5_IRQHandler
                0x0000000008001114                DMA1_Stream5_IRQHandler
                0x0000000008001114                PVD_IRQHandler
                0x0000000008001114                SDIO_IRQHandler
                0x0000000008001114                TAMP_STAMP_IRQHandler
                0x0000000008001114                EXTI3_IRQHandler
                0x0000000008001114                TIM1_UP_TIM10_IRQHandler
                0x0000000008001114                I2C3_ER_IRQHandler
                0x0000000008001114                EXTI0_IRQHandler
                0x0000000008001114                I2C2_EV_IRQHandler
                0x0000000008001114                DMA1_Stream2_IRQHandler
                0x0000000008001114                FPU_IRQHandler
                0x0000000008001114                DMA2_Stream2_IRQHandler
                0x0000000008001114                SPI1_IRQHandler
                0x0000000008001114                TIM1_BRK_TIM9_IRQHandler
                0x0000000008001114                DMA2_Stream3_IRQHandler
                0x0000000008001114                USART6_IRQHandler
                0x0000000008001114                DMA2_Stream0_IRQHandler
                0x0000000008001114                TIM4_IRQHandler
                0x0000000008001114                I2C1_EV_IRQHandler
                0x0000000008001114                DMA1_Stream6_IRQHandler
                0x0000000008001114                DMA1_Stream1_IRQHandler
                0x0000000008001114                TIM3_IRQHandler
                0x0000000008001114                RCC_IRQHandler
                0x0000000008001114                Default_Handler
                0x0000000008001114                ADC_IRQHandler
                0x0000000008001114                DMA1_Stream7_IRQHandler
                0x0000000008001114                TIM5_IRQHandler
                0x0000000008001114                DMA2_Stream7_IRQHandler
                0x0000000008001114                I2C3_EV_IRQHandler
                0x0000000008001114                RTC_WKUP_IRQHandler
                0x0000000008001114                SPI2_IRQHandler
                0x0000000008001114                DMA1_Stream0_IRQHandler
                0x0000000008001114                EXTI4_IRQHandler
                0x0000000008001114                WWDG_IRQHandler
                0x0000000008001114                TIM2_IRQHandler
                0x0000000008001114                OTG_FS_WKUP_IRQHandler
                0x0000000008001114                TIM1_TRG_COM_TIM11_IRQHandler
                0x0000000008001114                EXTI1_IRQHandler
                0x0000000008001114                USART2_IRQHandler
                0x0000000008001114                I2C2_ER_IRQHandler
                0x0000000008001114                DMA2_Stream1_IRQHandler
                0x0000000008001114                FLASH_IRQHandler
                0x0000000008001114                DMA2_Stream4_IRQHandler
                0x0000000008001114                USART1_IRQHandler
                0x0000000008001114                OTG_FS_IRQHandler
                0x0000000008001114                SPI3_IRQHandler
                0x0000000008001114                DMA1_Stream4_IRQHandler
                0x0000000008001114                I2C1_ER_IRQHandler
                0x0000000008001114                DMA2_Stream6_IRQHandler
                0x0000000008001114                DMA1_Stream3_IRQHandler
 *fill*         0x0000000008001116        0x2 
 .text.__libc_init_array
                0x0000000008001118       0x48 /home/elisa/.eclipse/360744286_linux_gtk_x86_64/plugins/fr.ac6.mcu.externaltools.arm-none.linux64_1.17.0.201812190825/tools/compiler/bin/../lib/gcc/arm-none-eabi/7.3.1/../../../../arm-none-eabi/lib/thumb/v7e-m/fpv4-sp/hard/libc_nano.a(lib_a-init.o)
                0x0000000008001118                __libc_init_array
 .text.memset   0x0000000008001160       0x10 /home/elisa/.eclipse/360744286_linux_gtk_x86_64/plugins/fr.ac6.mcu.externaltools.arm-none.linux64_1.17.0.201812190825/tools/compiler/bin/../lib/gcc/arm-none-eabi/7.3.1/../../../../arm-none-eabi/lib/thumb/v7e-m/fpv4-sp/hard/libc_nano.a(lib_a-memset.o)
                0x0000000008001160                memset
 *(.glue_7)
 .glue_7        0x0000000008001170        0x0 linker stubs
 *(.glue_7t)
 .glue_7t       0x0000000008001170        0x0 linker stubs
 *(.eh_frame)
 .eh_frame      0x0000000008001170        0x0 /home/elisa/.eclipse/360744286_linux_gtk_x86_64/plugins/fr.ac6.mcu.externaltools.arm-none.linux64_1.17.0.201812190825/tools/compiler/bin/../lib/gcc/arm-none-eabi/7.3.1/thumb/v7e-m/fpv4-sp/hard/crtbegin.o
 *(.init)
 .init          0x0000000008001170        0x4 /home/elisa/.eclipse/360744286_linux_gtk_x86_64/plugins/fr.ac6.mcu.externaltools.arm-none.linux64_1.17.0.201812190825/tools/compiler/bin/../lib/gcc/arm-none-eabi/7.3.1/thumb/v7e-m/fpv4-sp/hard/crti.o
                0x0000000008001170                _init
 .init          0x0000000008001174        0x8 /home/elisa/.eclipse/360744286_linux_gtk_x86_64/plugins/fr.ac6.mcu.externaltools.arm-none.linux64_1.17.0.201812190825/tools/compiler/bin/../lib/gcc/arm-none-eabi/7.3.1/thumb/v7e-m/fpv4-sp/hard/crtn.o
 *(.fini)
 .fini          0x000000000800117c        0x4 /home/elisa/.eclipse/360744286_linux_gtk_x86_64/plugins/fr.ac6.mcu.externaltools.arm-none.linux64_1.17.0.201812190825/tools/compiler/bin/../lib/gcc/arm-none-eabi/7.3.1/thumb/v7e-m/fpv4-sp/hard/crti.o
                0x000000000800117c                _fini
 .fini          0x0000000008001180        0x8 /home/elisa/.eclipse/360744286_linux_gtk_x86_64/plugins/fr.ac6.mcu.externaltools.arm-none.linux64_1.17.0.201812190825/tools/compiler/bin/../lib/gcc/arm-none-eabi/7.3.1/thumb/v7e-m/fpv4-sp/hard/crtn.o
                0x0000000008001188                . = ALIGN (0x4)
                0x0000000008001188                _etext = .

.vfp11_veneer   0x0000000008001188        0x0
 .vfp11_veneer  0x0000000008001188        0x0 linker stubs

.v4_bx          0x0000000008001188        0x0
 .v4_bx         0x0000000008001188        0x0 linker stubs

.iplt           0x0000000008001188        0x0
 .iplt          0x0000000008001188        0x0 /home/elisa/.eclipse/360744286_linux_gtk_x86_64/plugins/fr.ac6.mcu.externaltools.arm-none.linux64_1.17.0.201812190825/tools/compiler/bin/../lib/gcc/arm-none-eabi/7.3.1/thumb/v7e-m/fpv4-sp/hard/crtbegin.o

.rodata         0x0000000008001188       0x18
                0x0000000008001188                . = ALIGN (0x4)
 *(.rodata)
 .rodata        0x0000000008001188       0x18 Src/system_stm32f4xx.o
                0x0000000008001188                AHBPrescTable
                0x0000000008001198                APBPrescTable
 *(.rodata*)
                0x00000000080011a0                . = ALIGN (0x4)

.ARM.extab
 *(.ARM.extab* .gnu.linkonce.armextab.*)

.ARM            0x00000000080011a0        0x8
                0x00000000080011a0                __exidx_start = .
 *(.ARM.exidx*)
 .ARM.exidx     0x00000000080011a0        0x8 /home/elisa/.eclipse/360744286_linux_gtk_x86_64/plugins/fr.ac6.mcu.externaltools.arm-none.linux64_1.17.0.201812190825/tools/compiler/bin/../lib/gcc/arm-none-eabi/7.3.1/thumb/v7e-m/fpv4-sp/hard/libgcc.a(_udivmoddi4.o)
                0x00000000080011a8                __exidx_end = .

.rel.dyn        0x00000000080011a8        0x0
 .rel.iplt      0x00000000080011a8        0x0 /home/elisa/.eclipse/360744286_linux_gtk_x86_64/plugins/fr.ac6.mcu.externaltools.arm-none.linux64_1.17.0.201812190825/tools/compiler/bin/../lib/gcc/arm-none-eabi/7.3.1/thumb/v7e-m/fpv4-sp/hard/crtbegin.o

.preinit_array  0x00000000080011a8        0x0
                0x00000000080011a8                PROVIDE (__preinit_array_start = .)
 *(.preinit_array*)
                0x00000000080011a8                PROVIDE (__preinit_array_end = .)

.init_array     0x00000000080011a8        0x4
                0x00000000080011a8                PROVIDE (__init_array_start = .)
 *(SORT_BY_NAME(.init_array.*))
 *(.init_array*)
 .init_array    0x00000000080011a8        0x4 /home/elisa/.eclipse/360744286_linux_gtk_x86_64/plugins/fr.ac6.mcu.externaltools.arm-none.linux64_1.17.0.201812190825/tools/compiler/bin/../lib/gcc/arm-none-eabi/7.3.1/thumb/v7e-m/fpv4-sp/hard/crtbegin.o
                0x00000000080011ac                PROVIDE (__init_array_end = .)

.fini_array     0x00000000080011ac        0x4
                [!provide]                        PROVIDE (__fini_array_start = .)
 *(SORT_BY_NAME(.fini_array.*))
 *(.fini_array*)
 .fini_array    0x00000000080011ac        0x4 /home/elisa/.eclipse/360744286_linux_gtk_x86_64/plugins/fr.ac6.mcu.externaltools.arm-none.linux64_1.17.0.201812190825/tools/compiler/bin/../lib/gcc/arm-none-eabi/7.3.1/thumb/v7e-m/fpv4-sp/hard/crtbegin.o
                [!provide]                        PROVIDE (__fini_array_end = .)
                0x00000000080011b0                _sidata = LOADADDR (.data)

.data           0x0000000020000000        0xc load address 0x00000000080011b0
                0x0000000020000000                . = ALIGN (0x4)
                0x0000000020000000                _sdata = .
 *(.data)
 .data          0x0000000020000000        0x8 Drivers/STM32F4xx_HAL_Driver/Src/stm32f4xx_hal.o
                0x0000000020000000                uwTickFreq
                0x0000000020000004                uwTickPrio
 .data          0x0000000020000008        0x4 Src/system_stm32f4xx.o
                0x0000000020000008                SystemCoreClock
 *(.data*)
                0x000000002000000c                . = ALIGN (0x4)
                0x000000002000000c                _edata = .

.igot.plt       0x000000002000000c        0x0 load address 0x00000000080011bc
 .igot.plt      0x000000002000000c        0x0 /home/elisa/.eclipse/360744286_linux_gtk_x86_64/plugins/fr.ac6.mcu.externaltools.arm-none.linux64_1.17.0.201812190825/tools/compiler/bin/../lib/gcc/arm-none-eabi/7.3.1/thumb/v7e-m/fpv4-sp/hard/crtbegin.o
                0x000000002000000c                . = ALIGN (0x4)

.bss            0x000000002000000c       0x20 load address 0x00000000080011bc
                0x000000002000000c                _sbss = .
                0x000000002000000c                __bss_start__ = _sbss
 *(.bss)
 .bss           0x000000002000000c       0x1c /home/elisa/.eclipse/360744286_linux_gtk_x86_64/plugins/fr.ac6.mcu.externaltools.arm-none.linux64_1.17.0.201812190825/tools/compiler/bin/../lib/gcc/arm-none-eabi/7.3.1/thumb/v7e-m/fpv4-sp/hard/crtbegin.o
 *(.bss*)
 *(COMMON)
 COMMON         0x0000000020000028        0x4 Drivers/STM32F4xx_HAL_Driver/Src/stm32f4xx_hal.o
                0x0000000020000028                uwTick
                0x000000002000002c                . = ALIGN (0x4)
                0x000000002000002c                _ebss = .
                0x000000002000002c                __bss_end__ = _ebss

._user_heap_stack
                0x000000002000002c      0x604 load address 0x00000000080011bc
                0x0000000020000030                . = ALIGN (0x8)
 *fill*         0x000000002000002c        0x4 
                0x0000000020000030                PROVIDE (end = .)
                [!provide]                        PROVIDE (_end = .)
                0x0000000020000230                . = (. + _Min_Heap_Size)
 *fill*         0x0000000020000030      0x200 
                0x0000000020000630                . = (. + _Min_Stack_Size)
 *fill*         0x0000000020000230      0x400 
                0x0000000020000630                . = ALIGN (0x8)

/DISCARD/
 libc.a(*)
 libm.a(*)
 libgcc.a(*)

.ARM.attributes
                0x0000000000000000       0x30
 *(.ARM.attributes)
 .ARM.attributes
                0x0000000000000000       0x22 /home/elisa/.eclipse/360744286_linux_gtk_x86_64/plugins/fr.ac6.mcu.externaltools.arm-none.linux64_1.17.0.201812190825/tools/compiler/bin/../lib/gcc/arm-none-eabi/7.3.1/thumb/v7e-m/fpv4-sp/hard/crti.o
 .ARM.attributes
                0x0000000000000022       0x34 /home/elisa/.eclipse/360744286_linux_gtk_x86_64/plugins/fr.ac6.mcu.externaltools.arm-none.linux64_1.17.0.201812190825/tools/compiler/bin/../lib/gcc/arm-none-eabi/7.3.1/thumb/v7e-m/fpv4-sp/hard/crtbegin.o
 .ARM.attributes
                0x0000000000000056       0x39 Drivers/STM32F4xx_HAL_Driver/Src/stm32f4xx_hal.o
 .ARM.attributes
                0x000000000000008f       0x39 Drivers/STM32F4xx_HAL_Driver/Src/stm32f4xx_hal_cortex.o
 .ARM.attributes
                0x00000000000000c8       0x39 Drivers/STM32F4xx_HAL_Driver/Src/stm32f4xx_hal_gpio.o
 .ARM.attributes
                0x0000000000000101       0x39 Drivers/STM32F4xx_HAL_Driver/Src/stm32f4xx_hal_rcc.o
 .ARM.attributes
                0x000000000000013a       0x39 Src/main.o
 .ARM.attributes
                0x0000000000000173       0x39 Src/stm32f4xx_hal_msp.o
 .ARM.attributes
                0x00000000000001ac       0x39 Src/stm32f4xx_it.o
 .ARM.attributes
                0x00000000000001e5       0x39 Src/system_stm32f4xx.o
 .ARM.attributes
                0x000000000000021e       0x21 startup/startup_stm32f401xe.o
 .ARM.attributes
                0x000000000000023f       0x22 /home/elisa/.eclipse/360744286_linux_gtk_x86_64/plugins/fr.ac6.mcu.externaltools.arm-none.linux64_1.17.0.201812190825/tools/compiler/bin/../lib/gcc/arm-none-eabi/7.3.1/thumb/v7e-m/fpv4-sp/hard/libgcc.a(_aeabi_uldivmod.o)
 .ARM.attributes
                0x0000000000000261       0x34 /home/elisa/.eclipse/360744286_linux_gtk_x86_64/plugins/fr.ac6.mcu.externaltools.arm-none.linux64_1.17.0.201812190825/tools/compiler/bin/../lib/gcc/arm-none-eabi/7.3.1/thumb/v7e-m/fpv4-sp/hard/libgcc.a(_udivmoddi4.o)
 .ARM.attributes
                0x0000000000000295       0x22 /home/elisa/.eclipse/360744286_linux_gtk_x86_64/plugins/fr.ac6.mcu.externaltools.arm-none.linux64_1.17.0.201812190825/tools/compiler/bin/../lib/gcc/arm-none-eabi/7.3.1/thumb/v7e-m/fpv4-sp/hard/libgcc.a(_dvmd_tls.o)
 .ARM.attributes
                0x00000000000002b7       0x34 /home/elisa/.eclipse/360744286_linux_gtk_x86_64/plugins/fr.ac6.mcu.externaltools.arm-none.linux64_1.17.0.201812190825/tools/compiler/bin/../lib/gcc/arm-none-eabi/7.3.1/../../../../arm-none-eabi/lib/thumb/v7e-m/fpv4-sp/hard/libc_nano.a(lib_a-init.o)
 .ARM.attributes
                0x00000000000002eb       0x34 /home/elisa/.eclipse/360744286_linux_gtk_x86_64/plugins/fr.ac6.mcu.externaltools.arm-none.linux64_1.17.0.201812190825/tools/compiler/bin/../lib/gcc/arm-none-eabi/7.3.1/../../../../arm-none-eabi/lib/thumb/v7e-m/fpv4-sp/hard/libc_nano.a(lib_a-memset.o)
 .ARM.attributes
                0x000000000000031f       0x22 /home/elisa/.eclipse/360744286_linux_gtk_x86_64/plugins/fr.ac6.mcu.externaltools.arm-none.linux64_1.17.0.201812190825/tools/compiler/bin/../lib/gcc/arm-none-eabi/7.3.1/thumb/v7e-m/fpv4-sp/hard/crtn.o
OUTPUT(EXTI_priority.elf elf32-littlearm)

.debug_info     0x0000000000000000     0x41cd
 .debug_info    0x0000000000000000      0x97a Drivers/STM32F4xx_HAL_Driver/Src/stm32f4xx_hal.o
 .debug_info    0x000000000000097a      0xef6 Drivers/STM32F4xx_HAL_Driver/Src/stm32f4xx_hal_cortex.o
 .debug_info    0x0000000000001870      0x7e4 Drivers/STM32F4xx_HAL_Driver/Src/stm32f4xx_hal_gpio.o
 .debug_info    0x0000000000002054      0xab9 Drivers/STM32F4xx_HAL_Driver/Src/stm32f4xx_hal_rcc.o
 .debug_info    0x0000000000002b0d      0xafd Src/main.o
 .debug_info    0x000000000000360a      0x38c Src/stm32f4xx_hal_msp.o
 .debug_info    0x0000000000003996      0x292 Src/stm32f4xx_it.o
 .debug_info    0x0000000000003c28      0x583 Src/system_stm32f4xx.o
 .debug_info    0x00000000000041ab       0x22 startup/startup_stm32f401xe.o

.debug_abbrev   0x0000000000000000      0xef1
 .debug_abbrev  0x0000000000000000      0x218 Drivers/STM32F4xx_HAL_Driver/Src/stm32f4xx_hal.o
 .debug_abbrev  0x0000000000000218      0x328 Drivers/STM32F4xx_HAL_Driver/Src/stm32f4xx_hal_cortex.o
 .debug_abbrev  0x0000000000000540      0x1e7 Drivers/STM32F4xx_HAL_Driver/Src/stm32f4xx_hal_gpio.o
 .debug_abbrev  0x0000000000000727      0x273 Drivers/STM32F4xx_HAL_Driver/Src/stm32f4xx_hal_rcc.o
 .debug_abbrev  0x000000000000099a      0x216 Src/main.o
 .debug_abbrev  0x0000000000000bb0      0x109 Src/stm32f4xx_hal_msp.o
 .debug_abbrev  0x0000000000000cb9       0xfb Src/stm32f4xx_it.o
 .debug_abbrev  0x0000000000000db4      0x12b Src/system_stm32f4xx.o
 .debug_abbrev  0x0000000000000edf       0x12 startup/startup_stm32f401xe.o

.debug_loc      0x0000000000000000     0x114a
 .debug_loc     0x0000000000000000      0x11b Drivers/STM32F4xx_HAL_Driver/Src/stm32f4xx_hal.o
 .debug_loc     0x000000000000011b      0x5ce Drivers/STM32F4xx_HAL_Driver/Src/stm32f4xx_hal_cortex.o
 .debug_loc     0x00000000000006e9      0x476 Drivers/STM32F4xx_HAL_Driver/Src/stm32f4xx_hal_gpio.o
 .debug_loc     0x0000000000000b5f      0x40f Drivers/STM32F4xx_HAL_Driver/Src/stm32f4xx_hal_rcc.o
 .debug_loc     0x0000000000000f6e       0x9e Src/main.o
 .debug_loc     0x000000000000100c      0x13e Src/system_stm32f4xx.o

.debug_aranges  0x0000000000000000      0x398
 .debug_aranges
                0x0000000000000000       0xf0 Drivers/STM32F4xx_HAL_Driver/Src/stm32f4xx_hal.o
 .debug_aranges
                0x00000000000000f0       0xa8 Drivers/STM32F4xx_HAL_Driver/Src/stm32f4xx_hal_cortex.o
 .debug_aranges
                0x0000000000000198       0x58 Drivers/STM32F4xx_HAL_Driver/Src/stm32f4xx_hal_gpio.o
 .debug_aranges
                0x00000000000001f0       0x88 Drivers/STM32F4xx_HAL_Driver/Src/stm32f4xx_hal_rcc.o
 .debug_aranges
                0x0000000000000278       0x40 Src/main.o
 .debug_aranges
                0x00000000000002b8       0x20 Src/stm32f4xx_hal_msp.o
 .debug_aranges
                0x00000000000002d8       0x70 Src/stm32f4xx_it.o
 .debug_aranges
                0x0000000000000348       0x28 Src/system_stm32f4xx.o
 .debug_aranges
                0x0000000000000370       0x28 startup/startup_stm32f401xe.o

.debug_ranges   0x0000000000000000      0x3b8
 .debug_ranges  0x0000000000000000       0xe0 Drivers/STM32F4xx_HAL_Driver/Src/stm32f4xx_hal.o
 .debug_ranges  0x00000000000000e0       0xf8 Drivers/STM32F4xx_HAL_Driver/Src/stm32f4xx_hal_cortex.o
 .debug_ranges  0x00000000000001d8       0x48 Drivers/STM32F4xx_HAL_Driver/Src/stm32f4xx_hal_gpio.o
 .debug_ranges  0x0000000000000220       0x90 Drivers/STM32F4xx_HAL_Driver/Src/stm32f4xx_hal_rcc.o
 .debug_ranges  0x00000000000002b0       0x60 Src/main.o
 .debug_ranges  0x0000000000000310       0x10 Src/stm32f4xx_hal_msp.o
 .debug_ranges  0x0000000000000320       0x60 Src/stm32f4xx_it.o
 .debug_ranges  0x0000000000000380       0x18 Src/system_stm32f4xx.o
 .debug_ranges  0x0000000000000398       0x20 startup/startup_stm32f401xe.o

.debug_macro    0x0000000000000000    0x1414c
 .debug_macro   0x0000000000000000      0x210 Drivers/STM32F4xx_HAL_Driver/Src/stm32f4xx_hal.o
 .debug_macro   0x0000000000000210      0xa54 Drivers/STM32F4xx_HAL_Driver/Src/stm32f4xx_hal.o
 .debug_macro   0x0000000000000c64      0x288 Drivers/STM32F4xx_HAL_Driver/Src/stm32f4xx_hal.o
 .debug_macro   0x0000000000000eec       0x2e Drivers/STM32F4xx_HAL_Driver/Src/stm32f4xx_hal.o
 .debug_macro   0x0000000000000f1a       0x28 Drivers/STM32F4xx_HAL_Driver/Src/stm32f4xx_hal.o
 .debug_macro   0x0000000000000f42       0x22 Drivers/STM32F4xx_HAL_Driver/Src/stm32f4xx_hal.o
 .debug_macro   0x0000000000000f64       0x8e Drivers/STM32F4xx_HAL_Driver/Src/stm32f4xx_hal.o
 .debug_macro   0x0000000000000ff2       0x51 Drivers/STM32F4xx_HAL_Driver/Src/stm32f4xx_hal.o
 .debug_macro   0x0000000000001043       0xef Drivers/STM32F4xx_HAL_Driver/Src/stm32f4xx_hal.o
 .debug_macro   0x0000000000001132       0x6a Drivers/STM32F4xx_HAL_Driver/Src/stm32f4xx_hal.o
 .debug_macro   0x000000000000119c      0x1df Drivers/STM32F4xx_HAL_Driver/Src/stm32f4xx_hal.o
 .debug_macro   0x000000000000137b       0x1c Drivers/STM32F4xx_HAL_Driver/Src/stm32f4xx_hal.o
 .debug_macro   0x0000000000001397       0x22 Drivers/STM32F4xx_HAL_Driver/Src/stm32f4xx_hal.o
 .debug_macro   0x00000000000013b9       0xdf Drivers/STM32F4xx_HAL_Driver/Src/stm32f4xx_hal.o
 .debug_macro   0x0000000000001498     0x102d Drivers/STM32F4xx_HAL_Driver/Src/stm32f4xx_hal.o
 .debug_macro   0x00000000000024c5      0x11f Drivers/STM32F4xx_HAL_Driver/Src/stm32f4xx_hal.o
 .debug_macro   0x00000000000025e4     0xb850 Drivers/STM32F4xx_HAL_Driver/Src/stm32f4xx_hal.o
 .debug_macro   0x000000000000de34       0x43 Drivers/STM32F4xx_HAL_Driver/Src/stm32f4xx_hal.o
 .debug_macro   0x000000000000de77     0x3659 Drivers/STM32F4xx_HAL_Driver/Src/stm32f4xx_hal.o
 .debug_macro   0x00000000000114d0      0x174 Drivers/STM32F4xx_HAL_Driver/Src/stm32f4xx_hal.o
 .debug_macro   0x0000000000011644       0x5a Drivers/STM32F4xx_HAL_Driver/Src/stm32f4xx_hal.o
 .debug_macro   0x000000000001169e      0x416 Drivers/STM32F4xx_HAL_Driver/Src/stm32f4xx_hal.o
 .debug_macro   0x0000000000011ab4      0x9fe Drivers/STM32F4xx_HAL_Driver/Src/stm32f4xx_hal.o
 .debug_macro   0x00000000000124b2      0x117 Drivers/STM32F4xx_HAL_Driver/Src/stm32f4xx_hal.o
 .debug_macro   0x00000000000125c9       0xf8 Drivers/STM32F4xx_HAL_Driver/Src/stm32f4xx_hal.o
 .debug_macro   0x00000000000126c1       0x27 Drivers/STM32F4xx_HAL_Driver/Src/stm32f4xx_hal.o
 .debug_macro   0x00000000000126e8      0x15f Drivers/STM32F4xx_HAL_Driver/Src/stm32f4xx_hal.o
 .debug_macro   0x0000000000012847      0x287 Drivers/STM32F4xx_HAL_Driver/Src/stm32f4xx_hal.o
 .debug_macro   0x0000000000012ace       0x5f Drivers/STM32F4xx_HAL_Driver/Src/stm32f4xx_hal.o
 .debug_macro   0x0000000000012b2d      0x236 Drivers/STM32F4xx_HAL_Driver/Src/stm32f4xx_hal.o
 .debug_macro   0x0000000000012d63      0x132 Drivers/STM32F4xx_HAL_Driver/Src/stm32f4xx_hal.o
 .debug_macro   0x0000000000012e95      0x264 Drivers/STM32F4xx_HAL_Driver/Src/stm32f4xx_hal.o
 .debug_macro   0x00000000000130f9       0x2e Drivers/STM32F4xx_HAL_Driver/Src/stm32f4xx_hal.o
 .debug_macro   0x0000000000013127      0x11a Drivers/STM32F4xx_HAL_Driver/Src/stm32f4xx_hal.o
 .debug_macro   0x0000000000013241       0x85 Drivers/STM32F4xx_HAL_Driver/Src/stm32f4xx_hal.o
 .debug_macro   0x00000000000132c6       0x89 Drivers/STM32F4xx_HAL_Driver/Src/stm32f4xx_hal.o
 .debug_macro   0x000000000001334f      0x126 Drivers/STM32F4xx_HAL_Driver/Src/stm32f4xx_hal.o
 .debug_macro   0x0000000000013475      0x1b0 Drivers/STM32F4xx_HAL_Driver/Src/stm32f4xx_hal_cortex.o
 .debug_macro   0x0000000000013625      0x1e6 Drivers/STM32F4xx_HAL_Driver/Src/stm32f4xx_hal_gpio.o
 .debug_macro   0x000000000001380b      0x1d4 Drivers/STM32F4xx_HAL_Driver/Src/stm32f4xx_hal_rcc.o
 .debug_macro   0x00000000000139df      0x1bf Src/main.o
 .debug_macro   0x0000000000013b9e       0x70 Src/main.o
 .debug_macro   0x0000000000013c0e      0x1bf Src/stm32f4xx_hal_msp.o
 .debug_macro   0x0000000000013dcd      0x1c9 Src/stm32f4xx_it.o
 .debug_macro   0x0000000000013f96      0x1b6 Src/system_stm32f4xx.o

.debug_line     0x0000000000000000     0x4576
 .debug_line    0x0000000000000000      0x966 Drivers/STM32F4xx_HAL_Driver/Src/stm32f4xx_hal.o
 .debug_line    0x0000000000000966      0x9b8 Drivers/STM32F4xx_HAL_Driver/Src/stm32f4xx_hal_cortex.o
 .debug_line    0x000000000000131e      0x8d0 Drivers/STM32F4xx_HAL_Driver/Src/stm32f4xx_hal_gpio.o
 .debug_line    0x0000000000001bee      0x9f9 Drivers/STM32F4xx_HAL_Driver/Src/stm32f4xx_hal_rcc.o
 .debug_line    0x00000000000025e7      0x813 Src/main.o
 .debug_line    0x0000000000002dfa      0x763 Src/stm32f4xx_hal_msp.o
 .debug_line    0x000000000000355d      0x817 Src/stm32f4xx_it.o
 .debug_line    0x0000000000003d74      0x784 Src/system_stm32f4xx.o
 .debug_line    0x00000000000044f8       0x7e startup/startup_stm32f401xe.o

.debug_str      0x0000000000000000    0x7dc8b
 .debug_str     0x0000000000000000    0x7cf50 Drivers/STM32F4xx_HAL_Driver/Src/stm32f4xx_hal.o
                                      0x7d2cf (size before relaxing)
 .debug_str     0x000000000007cf50      0x3b9 Drivers/STM32F4xx_HAL_Driver/Src/stm32f4xx_hal_cortex.o
                                      0x7d067 (size before relaxing)
 .debug_str     0x000000000007d309      0x292 Drivers/STM32F4xx_HAL_Driver/Src/stm32f4xx_hal_gpio.o
                                      0x7cb5e (size before relaxing)
 .debug_str     0x000000000007d59b      0x38f Drivers/STM32F4xx_HAL_Driver/Src/stm32f4xx_hal_rcc.o
                                      0x7cd33 (size before relaxing)
 .debug_str     0x000000000007d92a      0x1dd Src/main.o
                                      0x7d059 (size before relaxing)
 .debug_str     0x000000000007db07       0x1b Src/stm32f4xx_hal_msp.o
                                      0x7ca14 (size before relaxing)
 .debug_str     0x000000000007db22       0xe0 Src/stm32f4xx_it.o
                                      0x7c9f1 (size before relaxing)
 .debug_str     0x000000000007dc02       0x5a Src/system_stm32f4xx.o
                                      0x7c91a (size before relaxing)
 .debug_str     0x000000000007dc5c       0x2f startup/startup_stm32f401xe.o
                                         0x79 (size before relaxing)

.comment        0x0000000000000000       0x7f
 .comment       0x0000000000000000       0x7f Drivers/STM32F4xx_HAL_Driver/Src/stm32f4xx_hal.o
                                         0x80 (size before relaxing)
 .comment       0x000000000000007f       0x80 Drivers/STM32F4xx_HAL_Driver/Src/stm32f4xx_hal_cortex.o
 .comment       0x000000000000007f       0x80 Drivers/STM32F4xx_HAL_Driver/Src/stm32f4xx_hal_gpio.o
 .comment       0x000000000000007f       0x80 Drivers/STM32F4xx_HAL_Driver/Src/stm32f4xx_hal_rcc.o
 .comment       0x000000000000007f       0x80 Src/main.o
 .comment       0x000000000000007f       0x80 Src/stm32f4xx_hal_msp.o
 .comment       0x000000000000007f       0x80 Src/stm32f4xx_it.o
 .comment       0x000000000000007f       0x80 Src/system_stm32f4xx.o

.debug_frame    0x0000000000000000      0x818
 .debug_frame   0x0000000000000000      0x1ec Drivers/STM32F4xx_HAL_Driver/Src/stm32f4xx_hal.o
 .debug_frame   0x00000000000001ec      0x15c Drivers/STM32F4xx_HAL_Driver/Src/stm32f4xx_hal_cortex.o
 .debug_frame   0x0000000000000348       0xd8 Drivers/STM32F4xx_HAL_Driver/Src/stm32f4xx_hal_gpio.o
 .debug_frame   0x0000000000000420      0x184 Drivers/STM32F4xx_HAL_Driver/Src/stm32f4xx_hal_rcc.o
 .debug_frame   0x00000000000005a4       0x98 Src/main.o
 .debug_frame   0x000000000000063c       0x28 Src/stm32f4xx_hal_msp.o
 .debug_frame   0x0000000000000664       0xd8 Src/stm32f4xx_it.o
 .debug_frame   0x000000000000073c       0x30 Src/system_stm32f4xx.o
 .debug_frame   0x000000000000076c       0x2c /home/elisa/.eclipse/360744286_linux_gtk_x86_64/plugins/fr.ac6.mcu.externaltools.arm-none.linux64_1.17.0.201812190825/tools/compiler/bin/../lib/gcc/arm-none-eabi/7.3.1/thumb/v7e-m/fpv4-sp/hard/libgcc.a(_aeabi_uldivmod.o)
 .debug_frame   0x0000000000000798       0x34 /home/elisa/.eclipse/360744286_linux_gtk_x86_64/plugins/fr.ac6.mcu.externaltools.arm-none.linux64_1.17.0.201812190825/tools/compiler/bin/../lib/gcc/arm-none-eabi/7.3.1/thumb/v7e-m/fpv4-sp/hard/libgcc.a(_udivmoddi4.o)
 .debug_frame   0x00000000000007cc       0x2c /home/elisa/.eclipse/360744286_linux_gtk_x86_64/plugins/fr.ac6.mcu.externaltools.arm-none.linux64_1.17.0.201812190825/tools/compiler/bin/../lib/gcc/arm-none-eabi/7.3.1/../../../../arm-none-eabi/lib/thumb/v7e-m/fpv4-sp/hard/libc_nano.a(lib_a-init.o)
 .debug_frame   0x00000000000007f8       0x20 /home/elisa/.eclipse/360744286_linux_gtk_x86_64/plugins/fr.ac6.mcu.externaltools.arm-none.linux64_1.17.0.201812190825/tools/compiler/bin/../lib/gcc/arm-none-eabi/7.3.1/../../../../arm-none-eabi/lib/thumb/v7e-m/fpv4-sp/hard/libc_nano.a(lib_a-memset.o)
